[Warning]: The "libpq.so" loaded mismatch the version of gsql, please check it.
expected: (openGauss 7.0.0 build 056aacb0) compiled at 2026-09-11 15:06:37 commit 1001 last mr 9636 debug on x86_64-pc-linux-gnu, compiled by g++ (GCC) 10.3.0, 64-bit
result: (openGauss 7.0.0 build 81dd44fd) compiled at 2026-09-09 16:52:19 commit 1001 last mr 9636 debug on x86_64-pc-linux-gnu, compiled by g++ (GCC) 10.3.0, 64-bit
Timing is on.
gsql:/home/fengyao/openGauss-server/ubtree_shrink_doc/perf/perf.sql:10: NOTICE:  table "perf_shrink" does not exist, skipping
DROP TABLE
Time: 0.789 ms
gsql:/home/fengyao/openGauss-server/ubtree_shrink_doc/perf/perf.sql:11: NOTICE:  table "perf_vacuum" does not exist, skipping
DROP TABLE
Time: 0.548 ms
gsql:/home/fengyao/openGauss-server/ubtree_shrink_doc/perf/perf.sql:12: NOTICE:  table "perf_reindex" does not exist, skipping
DROP TABLE
Time: 0.407 ms
======================================================================
SCENARIO 1: 100K rows, delete 80% (tail deletion pattern)
======================================================================
CREATE TABLE
Time: 30.082 ms
CREATE INDEX
Time: 10.306 ms
CREATE INDEX
Time: 9.782 ms
INSERT 0 100000
Time: 3872.533 ms
CREATE TABLE
Time: 16.096 ms
CREATE INDEX
Time: 9.283 ms
CREATE INDEX
Time: 9.764 ms
INSERT 0 100000
Time: 3810.133 ms
CREATE TABLE
Time: 16.137 ms
CREATE INDEX
Time: 9.587 ms
CREATE INDEX
Time: 9.694 ms
INSERT 0 100000
Time: 3752.131 ms
--- Initial Index Sizes (100K rows) ---
    idx     |  bytes  |  size   
------------+---------+---------
 shrink_id  | 3170304 | 3096 kB
 vacuum_id  | 3170304 | 3096 kB
 reindex_id | 3170304 | 3096 kB
(3 rows)

Time: 7.659 ms
DELETE 80000
Time: 2307.180 ms
DELETE 80000
Time: 2212.766 ms
DELETE 80000
Time: 2193.889 ms
 pg_sleep 
----------
 
(1 row)

Time: 2002.051 ms
 txid_current 
--------------
       180369
(1 row)

Time: 6.077 ms
VACUUM
Time: 78.742 ms
VACUUM
Time: 79.443 ms
VACUUM
Time: 73.470 ms
--- Post-Delete / Post-VACUUM Index Sizes (before compaction) ---
    idx     |  bytes  |  size   
------------+---------+---------
 shrink_id  | 3170304 | 3096 kB
 vacuum_id  | 3170304 | 3096 kB
 reindex_id | 3170304 | 3096 kB
(3 rows)

Time: 4.563 ms
--- Shrink Check Stats ---
                            gs_ubtree_shrink_check                            
------------------------------------------------------------------------------
 TotalBlocks: 387, TargetMaxBlock: 80, FreeTailBlocks: 307, MigratedBlocks: 1
(1 row)

Time: 2.544 ms

>>> METHOD 1: gs_ubtree_shrink (Online Mode) <<<
--- Timing START: gs_ubtree_shrink on idx_perf_shrink_id ---
 gs_ubtree_shrink 
------------------
 t
(1 row)

Time: 15.809 ms
--- Timing END: gs_ubtree_shrink on idx_perf_shrink_id ---
--- Timing START: gs_ubtree_shrink on idx_perf_shrink_cat ---
 gs_ubtree_shrink 
------------------
 t
(1 row)

Time: 7.130 ms
--- Timing END: gs_ubtree_shrink on idx_perf_shrink_cat ---

>>> METHOD 2: VACUUM FULL <<<
--- Timing START: VACUUM FULL perf_vacuum ---
VACUUM
Time: 167.163 ms
--- Timing END: VACUUM FULL perf_vacuum ---

>>> METHOD 3: REINDEX <<<
--- Timing START: REINDEX idx_perf_reindex_id ---
REINDEX
Time: 37.243 ms
--- Timing END: REINDEX idx_perf_reindex_id ---
--- Timing START: REINDEX idx_perf_reindex_cat ---
REINDEX
Time: 57.154 ms
--- Timing END: REINDEX idx_perf_reindex_cat ---

=== SCENARIO 1 RESULTS: Post-Compaction Sizes ===
     idx     |  bytes  |  size   
-------------+---------+---------
 shrink_id   |  655360 | 640 kB
 shrink_cat  | 2646016 | 2584 kB
 vacuum_id   |  647168 | 632 kB
 vacuum_cat  |  647168 | 632 kB
 reindex_id  |  647168 | 632 kB
 reindex_cat |  647168 | 632 kB
(6 rows)

Time: 6.075 ms
--- Table Sizes ---
     tbl      |  bytes   |   size   
--------------+----------+----------
 perf_shrink  | 10240000 | 10000 kB
 perf_vacuum  |  2023424 | 1976 kB
 perf_reindex | 10240000 | 10000 kB
(3 rows)

Time: 2.397 ms
--- Data Integrity Check ---
 method  | rows  
---------+-------
 shrink  | 20000
 vacuum  | 20000
 reindex | 20000
(3 rows)

Time: 60.958 ms
DROP TABLE
Time: 11.733 ms
DROP TABLE
Time: 9.855 ms
DROP TABLE
Time: 12.757 ms

======================================================================
SCENARIO 2: 500K rows, delete 90% (heavy bloat scenario)
======================================================================
CREATE TABLE
Time: 14.326 ms
CREATE INDEX
Time: 9.343 ms
CREATE TABLE
Time: 14.391 ms
CREATE INDEX
Time: 8.627 ms
CREATE TABLE
Time: 13.721 ms
CREATE INDEX
Time: 8.906 ms
INSERT 0 500000
Time: 9684.441 ms
INSERT 0 500000
Time: 9845.973 ms
INSERT 0 500000
Time: 9705.055 ms
--- Initial Sizes (500K rows) ---
   idx   |  bytes   | size  
---------+----------+-------
 shrink  | 15826944 | 15 MB
 vacuum  | 15826944 | 15 MB
 reindex | 15826944 | 15 MB
(3 rows)

Time: 2.834 ms
DELETE 450000
Time: 9492.143 ms
DELETE 450000
Time: 9258.724 ms
DELETE 450000
Time: 9188.365 ms
 pg_sleep 
----------
 
(1 row)

Time: 2002.254 ms
 txid_current 
--------------
       180396
(1 row)

Time: 5.729 ms
VACUUM
Time: 3363.054 ms
VACUUM
Time: 3447.136 ms
VACUUM
Time: 3366.792 ms
--- Post-Delete Sizes (500K, 90% deleted) ---
   idx   |  bytes   | size  
---------+----------+-------
 shrink  | 15826944 | 15 MB
 vacuum  | 15826944 | 15 MB
 reindex | 15826944 | 15 MB
(3 rows)

Time: 5.063 ms
                             gs_ubtree_shrink_check                              
---------------------------------------------------------------------------------
 TotalBlocks: 1932, TargetMaxBlock: 411, FreeTailBlocks: 1521, MigratedBlocks: 7
(1 row)

Time: 4.406 ms

>>> gs_ubtree_shrink (Online) <<<
 gs_ubtree_shrink 
------------------
 t
(1 row)

Time: 20.702 ms

>>> VACUUM FULL <<<
VACUUM
Time: 167.749 ms

>>> REINDEX <<<
REINDEX
Time: 61.965 ms

=== SCENARIO 2 RESULTS ===
 method  | idx_bytes | idx_size | tbl_bytes | tbl_size 
---------+-----------+----------+-----------+----------
 shrink  |   3366912 | 3288 kB  |  16048128 | 15 MB
 vacuum  |   1597440 | 1560 kB  |   1515520 | 1480 kB
 reindex |   1597440 | 1560 kB  |  16048128 | 15 MB
(3 rows)

Time: 4.849 ms
 method  | count 
---------+-------
 shrink  | 50000
 vacuum  | 50000
 reindex | 50000
(3 rows)

Time: 138.410 ms
DROP TABLE
Time: 9.803 ms
DROP TABLE
Time: 8.364 ms
DROP TABLE
Time: 8.982 ms

======================================================================
SCENARIO 3: 200K rows, scattered delete (every other row)
======================================================================
CREATE TABLE
Time: 14.357 ms
CREATE INDEX
Time: 8.750 ms
CREATE TABLE
Time: 12.231 ms
CREATE INDEX
Time: 9.738 ms
CREATE TABLE
Time: 14.118 ms
CREATE INDEX
Time: 8.906 ms
INSERT 0 200000
Time: 3982.682 ms
INSERT 0 200000
Time: 3867.384 ms
INSERT 0 200000
Time: 3844.868 ms
--- Initial Sizes (200K rows) ---
   idx   |  bytes  |  size   
---------+---------+---------
 shrink  | 6348800 | 6200 kB
 vacuum  | 6348800 | 6200 kB
 reindex | 6348800 | 6200 kB
(3 rows)

Time: 2.494 ms
DELETE 100000
Time: 2195.314 ms
DELETE 100000
Time: 2295.577 ms
DELETE 100000
Time: 2188.316 ms
 pg_sleep 
----------
 
(1 row)

Time: 2001.574 ms
 txid_current 
--------------
       180421
(1 row)

Time: 5.710 ms
VACUUM
Time: 84.950 ms
VACUUM
Time: 80.906 ms
VACUUM
Time: 80.253 ms
--- Post-Delete Sizes (200K, 50% scattered delete) ---
   idx   |  bytes  |  size   
---------+---------+---------
 shrink  | 6348800 | 6200 kB
 vacuum  | 6348800 | 6200 kB
 reindex | 6348800 | 6200 kB
(3 rows)

Time: 3.656 ms
                           gs_ubtree_shrink_check                            
-----------------------------------------------------------------------------
 TotalBlocks: 775, TargetMaxBlock: 775, FreeTailBlocks: 0, MigratedBlocks: 0
(1 row)

Time: 0.600 ms

>>> gs_ubtree_shrink (Online) <<<
 gs_ubtree_shrink 
------------------
 t
(1 row)

Time: 1.882 ms

>>> VACUUM FULL <<<
VACUUM
Time: 295.029 ms

>>> REINDEX <<<
REINDEX
Time: 108.756 ms

=== SCENARIO 3 RESULTS ===
 method  | idx_bytes | idx_size | tbl_bytes | tbl_size 
---------+-----------+----------+-----------+----------
 shrink  |   6348800 | 6200 kB  |   6299648 | 6152 kB
 vacuum  |   3170304 | 3096 kB  |   3137536 | 3064 kB
 reindex |   3170304 | 3096 kB  |   6299648 | 6152 kB
(3 rows)

Time: 4.728 ms
 method  | count  
---------+--------
 shrink  | 100000
 vacuum  | 100000
 reindex | 100000
(3 rows)

Time: 172.788 ms
DROP TABLE
Time: 9.400 ms
DROP TABLE
Time: 8.954 ms
DROP TABLE
Time: 9.269 ms

======================================================================
SCENARIO 4: 1M rows, delete 95% (extreme bloat, tail deletion)
======================================================================
CREATE TABLE
Time: 16.319 ms
CREATE INDEX
Time: 25.648 ms
CREATE TABLE
Time: 12.634 ms
CREATE INDEX
Time: 8.990 ms
CREATE TABLE
Time: 14.146 ms
CREATE INDEX
Time: 8.369 ms
--- Inserting 1M rows into 3 tables... ---
INSERT 0 1000000
Time: 20092.185 ms
INSERT 0 1000000
Time: 19838.500 ms
INSERT 0 1000000
Time: 19918.115 ms
--- Initial Sizes (1M rows) ---
   idx   |  bytes   | size  
---------+----------+-------
 shrink  | 31645696 | 30 MB
 vacuum  | 31645696 | 30 MB
 reindex | 31645696 | 30 MB
(3 rows)

Time: 2.714 ms
DELETE 950000
Time: 19692.706 ms
DELETE 950000
Time: 19587.817 ms
DELETE 950000
Time: 19524.267 ms
 pg_sleep 
----------
 
(1 row)

Time: 2002.085 ms
 txid_current 
--------------
       180448
(1 row)

Time: 2.803 ms
VACUUM
Time: 5936.613 ms
VACUUM
Time: 8157.451 ms
VACUUM
Time: 8026.440 ms
--- Post-Delete Sizes (1M, 95% deleted) ---
   idx   |  bytes   | size  
---------+----------+-------
 shrink  | 31645696 | 30 MB
 vacuum  | 31645696 | 30 MB
 reindex | 31645696 | 30 MB
(3 rows)

Time: 3.863 ms
                             gs_ubtree_shrink_check                              
---------------------------------------------------------------------------------
 TotalBlocks: 3863, TargetMaxBlock: 411, FreeTailBlocks: 3452, MigratedBlocks: 9
(1 row)

Time: 7.772 ms

>>> gs_ubtree_shrink (Online) <<<
 gs_ubtree_shrink 
------------------
 t
(1 row)

Time: 36.199 ms

>>> VACUUM FULL <<<
VACUUM
Time: 181.576 ms

>>> REINDEX <<<
REINDEX
Time: 71.046 ms

=== SCENARIO 4 RESULTS ===
 method  | idx_bytes | idx_size | tbl_bytes | tbl_size 
---------+-----------+----------+-----------+----------
 shrink  |   3366912 | 3288 kB  |  32301056 | 31 MB
 vacuum  |   1597440 | 1560 kB  |   1515520 | 1480 kB
 reindex |   1597440 | 1560 kB  |  32301056 | 31 MB
(3 rows)

Time: 5.149 ms
 method  | count 
---------+-------
 shrink  | 50000
 vacuum  | 50000
 reindex | 50000
(3 rows)

Time: 160.332 ms

=== Query Performance Post-Compaction ===
SET
Time: 0.454 ms
--- Index scan: shrink table ---
                                          QUERY PLAN                                          
----------------------------------------------------------------------------------------------
 [Bypass]
 Index Scan using idx_perf_shrink_id on perf_shrink (actual time=0.057..0.059 rows=1 loops=1)
   Index Cond: (id = 25000)
 Total runtime: 0.227 ms
(4 rows)

Time: 1.530 ms
--- Index scan: vacuum table ---
                                          QUERY PLAN                                          
----------------------------------------------------------------------------------------------
 [Bypass]
 Index Scan using idx_perf_vacuum_id on perf_vacuum (actual time=0.091..0.094 rows=1 loops=1)
   Index Cond: (id = 25000)
 Total runtime: 0.227 ms
(4 rows)

Time: 1.273 ms
--- Index scan: reindex table ---
                                           QUERY PLAN                                           
------------------------------------------------------------------------------------------------
 [Bypass]
 Index Scan using idx_perf_reindex_id on perf_reindex (actual time=0.021..0.023 rows=1 loops=1)
   Index Cond: (id = 25000)
 Total runtime: 0.097 ms
(4 rows)

Time: 1.031 ms
--- Range scan: shrink table ---
                                                 QUERY PLAN                                                 
------------------------------------------------------------------------------------------------------------
 Aggregate (actual time=11.746..11.746 rows=1 loops=1)
   ->  Index Only Scan using idx_perf_shrink_id on perf_shrink (actual time=0.027..9.671 rows=9001 loops=1)
         Index Cond: ((id >= 1000) AND (id <= 10000))
         Heap Fetches: 0
 Total runtime: 11.906 ms
(5 rows)

Time: 13.253 ms
--- Range scan: vacuum table ---
                                                 QUERY PLAN                                                  
-------------------------------------------------------------------------------------------------------------
 Aggregate (actual time=13.063..13.063 rows=1 loops=1)
   ->  Index Only Scan using idx_perf_vacuum_id on perf_vacuum (actual time=0.050..11.094 rows=9001 loops=1)
         Index Cond: ((id >= 1000) AND (id <= 10000))
         Heap Fetches: 0
 Total runtime: 13.224 ms
(5 rows)

Time: 14.832 ms
--- Range scan: reindex table ---
                                                  QUERY PLAN                                                  
--------------------------------------------------------------------------------------------------------------
 Aggregate (actual time=10.907..10.907 rows=1 loops=1)
   ->  Index Only Scan using idx_perf_reindex_id on perf_reindex (actual time=0.029..9.101 rows=9001 loops=1)
         Index Cond: ((id >= 1000) AND (id <= 10000))
         Heap Fetches: 0
 Total runtime: 11.034 ms
(5 rows)

Time: 12.364 ms
--- Backward scan (ORDER BY id DESC LIMIT 100): shrink table ---
                                                  QUERY PLAN                                                   
---------------------------------------------------------------------------------------------------------------
 [Bypass]
 Limit (actual time=0.032..0.185 rows=100 loops=1)
   ->  Index Scan Backward using idx_perf_shrink_id on perf_shrink (actual time=0.030..0.165 rows=100 loops=1)
 Total runtime: 0.315 ms
(4 rows)

Time: 1.603 ms
--- Backward scan: vacuum table ---
                                                  QUERY PLAN                                                   
---------------------------------------------------------------------------------------------------------------
 [Bypass]
 Limit (actual time=0.040..0.200 rows=100 loops=1)
   ->  Index Scan Backward using idx_perf_vacuum_id on perf_vacuum (actual time=0.038..0.187 rows=100 loops=1)
 Total runtime: 0.298 ms
(4 rows)

Time: 1.094 ms
--- Backward scan: reindex table ---
                                                   QUERY PLAN                                                    
-----------------------------------------------------------------------------------------------------------------
 [Bypass]
 Limit (actual time=0.021..0.224 rows=100 loops=1)
   ->  Index Scan Backward using idx_perf_reindex_id on perf_reindex (actual time=0.019..0.208 rows=100 loops=1)
 Total runtime: 0.324 ms
(4 rows)

Time: 1.146 ms
--- Index-only scan: shrink table ---
                                              QUERY PLAN                                              
------------------------------------------------------------------------------------------------------
 [Bypass]
 Index Only Scan using idx_perf_shrink_id on perf_shrink (actual time=0.026..9.981 rows=9001 loops=1)
   Index Cond: ((id >= 1000) AND (id <= 10000))
   Heap Fetches: 0
 Total runtime: 11.221 ms
(5 rows)

Time: 12.298 ms
--- Index-only scan: vacuum table ---
                                              QUERY PLAN                                              
------------------------------------------------------------------------------------------------------
 [Bypass]
 Index Only Scan using idx_perf_vacuum_id on perf_vacuum (actual time=0.029..9.388 rows=9001 loops=1)
   Index Cond: ((id >= 1000) AND (id <= 10000))
   Heap Fetches: 0
 Total runtime: 10.639 ms
(5 rows)

Time: 11.879 ms
--- Index-only scan: reindex table ---
                                               QUERY PLAN                                               
--------------------------------------------------------------------------------------------------------
 [Bypass]
 Index Only Scan using idx_perf_reindex_id on perf_reindex (actual time=0.030..9.852 rows=9001 loops=1)
   Index Cond: ((id >= 1000) AND (id <= 10000))
   Heap Fetches: 0
 Total runtime: 11.049 ms
(5 rows)

Time: 12.188 ms
RESET
Time: 0.589 ms
DROP TABLE
Time: 11.962 ms
DROP TABLE
Time: 7.578 ms
DROP TABLE
Time: 10.945 ms

======================================================================
SCENARIO 5: 200K rows, FIFO Head Deletion (Oldest 80%, Page Relocation)
======================================================================
CREATE TABLE
Time: 17.225 ms
CREATE INDEX
Time: 16.965 ms
CREATE INDEX
Time: 10.332 ms
CREATE INDEX
Time: 13.205 ms
CREATE TABLE
Time: 15.410 ms
CREATE INDEX
Time: 8.883 ms
CREATE INDEX
Time: 9.529 ms
CREATE INDEX
Time: 9.369 ms
CREATE TABLE
Time: 15.008 ms
CREATE INDEX
Time: 9.005 ms
CREATE INDEX
Time: 9.217 ms
CREATE INDEX
Time: 8.686 ms
INSERT 0 200000
Time: 13255.530 ms
INSERT 0 200000
Time: 13234.544 ms
INSERT 0 200000
Time: 13271.185 ms
--- Initial Sizes (200K rows, Multi-Index) ---
     idx     |  bytes   |  size   
-------------+----------+---------
 shrink_id   |  6348800 | 6200 kB
 shrink_comp |  8577024 | 8376 kB
 shrink_text | 32317440 | 31 MB
(3 rows)

Time: 3.443 ms
DELETE 160000
Time: 8236.169 ms
DELETE 160000
Time: 8271.789 ms
DELETE 160000
Time: 8187.526 ms
 pg_sleep 
----------
 
(1 row)

Time: 2001.861 ms
 txid_current 
--------------
       180484
(1 row)

Time: 8.505 ms
VACUUM
Time: 33963.746 ms
VACUUM
Time: 33876.757 ms
VACUUM
Time: 33749.639 ms
--- Post-Delete Sizes (Head Deletion 80%) ---
     idx     |  bytes   |  size   
-------------+----------+---------
 shrink_id   |  6348800 | 6200 kB
 shrink_comp |  8577024 | 8376 kB
 shrink_text | 32317440 | 31 MB
(3 rows)

Time: 5.092 ms
                             gs_ubtree_shrink_check                              
---------------------------------------------------------------------------------
 TotalBlocks: 775, TargetMaxBlock: 411, FreeTailBlocks: 364, MigratedBlocks: 157
(1 row)

Time: 3.668 ms
                            gs_ubtree_shrink_check                             
-------------------------------------------------------------------------------
 TotalBlocks: 1047, TargetMaxBlock: 1047, FreeTailBlocks: 0, MigratedBlocks: 0
(1 row)

Time: 3.993 ms
                            gs_ubtree_shrink_check                             
-------------------------------------------------------------------------------
 TotalBlocks: 3945, TargetMaxBlock: 3945, FreeTailBlocks: 0, MigratedBlocks: 0
(1 row)

Time: 5.841 ms

>>> gs_ubtree_shrink on Head Deletion Indexes <<<
 gs_ubtree_shrink 
------------------
 t
(1 row)

Time: 18.496 ms
 gs_ubtree_shrink 
------------------
 t
(1 row)

Time: 9.054 ms
 gs_ubtree_shrink 
------------------
 t
(1 row)

Time: 9.474 ms

>>> VACUUM FULL on Head Deletion Table <<<
VACUUM
Time: 396.553 ms

>>> REINDEX on Head Deletion Indexes <<<
REINDEX
Time: 60.217 ms
REINDEX
Time: 120.796 ms
REINDEX
Time: 104.224 ms

=== SCENARIO 5 RESULTS: Post-Compaction Sizes (Head Deletion) ===
     idx      |  bytes   |  size   
--------------+----------+---------
 shrink_id    |  3366912 | 3288 kB
 shrink_comp  |  8577024 | 8376 kB
 shrink_text  | 32317440 | 31 MB
 vacuum_id    |  1277952 | 1248 kB
 vacuum_comp  |  1277952 | 1248 kB
 vacuum_text  |  3874816 | 3784 kB
 reindex_id   |  1277952 | 1248 kB
 reindex_comp |  1277952 | 1248 kB
 reindex_text |  3874816 | 3784 kB
(9 rows)

Time: 10.029 ms
gsql:/home/fengyao/openGauss-server/ubtree_shrink_doc/perf/perf.sql:572: ERROR:  could not read block 695 in file "base/15396/149644": read only 0 of 8192 bytes
Time: 203.457 ms
SET
Time: 0.525 ms
gsql:/home/fengyao/openGauss-server/ubtree_shrink_doc/perf/perf.sql:575: ERROR:  could not read block 695 in file "base/15396/149644": read only 0 of 8192 bytes
Time: 85.338 ms
RESET
Time: 0.517 ms
DROP TABLE
Time: 16.029 ms
DROP TABLE
Time: 11.451 ms
DROP TABLE
Time: 13.467 ms

======================================================================
SCENARIO 6: Multi-Cycle Lifecycle (3 Rounds of Insert -> Delete -> Shrink)
======================================================================
CREATE TABLE
Time: 13.486 ms
CREATE INDEX
Time: 8.417 ms
CREATE TABLE
Time: 14.027 ms
CREATE INDEX
Time: 8.915 ms
--- Round 1: Insert 1..50000, Delete 1..30000 ---
INSERT 0 50000
Time: 960.849 ms
INSERT 0 50000
Time: 984.895 ms
DELETE 30000
Time: 610.252 ms
DELETE 30000
Time: 599.699 ms
 pg_sleep 
----------
 
(1 row)

Time: 1002.045 ms
 txid_current 
--------------
       180512
(1 row)

Time: 5.568 ms
VACUUM
Time: 33.608 ms
VACUUM
Time: 29.398 ms
 gs_ubtree_shrink 
------------------
 t
(1 row)

Time: 3.350 ms
--- Round 1 Sizes ---
       target        | idx_size | tbl_size 
---------------------+----------+----------
 cycle_shrink (R1)   | 1560 kB  | 1784 kB
 cycle_noshrink (R1) | 1560 kB  | 1784 kB
(2 rows)

Time: 3.265 ms
--- Round 2: Insert 50001..100000, Delete 30001..60000 ---
INSERT 0 50000
Time: 947.510 ms
INSERT 0 50000
Time: 1002.463 ms
DELETE 30000
Time: 650.287 ms
DELETE 30000
Time: 603.481 ms
 pg_sleep 
----------
 
(1 row)

Time: 1001.920 ms
 txid_current 
--------------
       180522
(1 row)

Time: 5.435 ms
VACUUM
Time: 35.140 ms
VACUUM
Time: 35.489 ms
 gs_ubtree_shrink 
------------------
 t
(1 row)

Time: 3.771 ms
--- Round 2 Sizes ---
       target        | idx_size | tbl_size 
---------------------+----------+----------
 cycle_shrink (R2)   | 3096 kB  | 2624 kB
 cycle_noshrink (R2) | 3096 kB  | 2624 kB
(2 rows)

Time: 3.451 ms
--- Round 3: Insert 100001..150000, Delete 60001..90000 ---
INSERT 0 50000
Time: 969.647 ms
INSERT 0 50000
Time: 963.738 ms
DELETE 30000
Time: 609.936 ms
DELETE 30000
Time: 622.008 ms
 pg_sleep 
----------
 
(1 row)

Time: 1001.986 ms
 txid_current 
--------------
       180532
(1 row)

Time: 7.937 ms
VACUUM
Time: 49.833 ms
VACUUM
Time: 43.660 ms
 gs_ubtree_shrink 
------------------
 t
(1 row)

Time: 3.293 ms

=== SCENARIO 6 FINAL RESULTS: Multi-Cycle Comparison ===
         target         | idx_bytes | idx_size | remaining_rows 
------------------------+-----------+----------+----------------
 cycle_shrink (Final)   |   3801088 | 3712 kB  |          60000
 cycle_noshrink (Final) |   3801088 | 3712 kB  |          60000
(2 rows)

Time: 87.022 ms
DROP TABLE
Time: 10.448 ms
DROP TABLE
Time: 8.448 ms

======================================================================
SCENARIO 7: Online vs Offline Shrink (Middle Interval Cavity 70%)
======================================================================
CREATE TABLE
Time: 14.610 ms
CREATE INDEX
Time: 8.877 ms
CREATE TABLE
Time: 12.823 ms
CREATE INDEX
Time: 9.415 ms
INSERT 0 100000
Time: 1958.866 ms
INSERT 0 100000
Time: 2021.555 ms
DELETE 70000
Time: 1302.674 ms
DELETE 70000
Time: 1309.131 ms
 pg_sleep 
----------
 
(1 row)

Time: 1001.921 ms
 txid_current 
--------------
       180548
(1 row)

Time: 6.495 ms
VACUUM
Time: 133.729 ms
VACUUM
Time: 146.622 ms
--- Pre-Shrink Sizes (Middle 70% deleted) ---
  mode   | idx_size 
---------+----------
 online  | 3096 kB
 offline | 3096 kB
(2 rows)

Time: 2.676 ms
--- Timing START: Online Shrink (is_offline = false) ---
 gs_ubtree_shrink 
------------------
 t
(1 row)

Time: 83.991 ms
--- Timing END: Online Shrink ---
--- Timing START: Offline Shrink (is_offline = true) ---
 gs_ubtree_shrink 
------------------
 t
(1 row)

Time: 21.036 ms
--- Timing END: Offline Shrink ---

=== SCENARIO 7 RESULTS: Online vs Offline Comparison ===
      mode      | idx_bytes | idx_size | rows_intact 
----------------+-----------+----------+-------------
 online (false) |    974848 | 952 kB   |       30000
 offline (true) |    974848 | 952 kB   |       30000
(2 rows)

Time: 38.225 ms
DROP TABLE
Time: 11.009 ms
DROP TABLE
Time: 14.478 ms

======================================================================
ALL SCENARIOS COMPLETE
======================================================================
total time: 445890  ms
