Timing is on.
gsql:/home/fengyao/openGauss-server/perf.sql:10: NOTICE:  table "perf_shrink" does not exist, skipping
DROP TABLE
Time: 2.174 ms
gsql:/home/fengyao/openGauss-server/perf.sql:11: NOTICE:  table "perf_vacuum" does not exist, skipping
DROP TABLE
Time: 0.561 ms
gsql:/home/fengyao/openGauss-server/perf.sql:12: NOTICE:  table "perf_reindex" does not exist, skipping
DROP TABLE
Time: 0.632 ms
======================================================================
SCENARIO 1: 100K rows, delete 80% (tail deletion pattern)
======================================================================
CREATE TABLE
Time: 51.347 ms
CREATE INDEX
Time: 12.648 ms
CREATE INDEX
Time: 10.329 ms
INSERT 0 100000
Time: 3824.011 ms
CREATE TABLE
Time: 15.187 ms
CREATE INDEX
Time: 9.749 ms
CREATE INDEX
Time: 9.848 ms
INSERT 0 100000
Time: 3824.160 ms
CREATE TABLE
Time: 21.930 ms
CREATE INDEX
Time: 13.462 ms
CREATE INDEX
Time: 10.292 ms
INSERT 0 100000
Time: 3890.882 ms
--- Initial Index Sizes (100K rows) ---
    idx     |  bytes  |  size   
------------+---------+---------
 shrink_id  | 3170304 | 3096 kB
 vacuum_id  | 3170304 | 3096 kB
 reindex_id | 3170304 | 3096 kB
(3 rows)

Time: 7.743 ms
DELETE 80000
Time: 2237.125 ms
DELETE 80000
Time: 2218.852 ms
DELETE 80000
Time: 2224.534 ms
 pg_sleep 
----------
 
(1 row)

Time: 2002.487 ms
 txid_current 
--------------
       184521
(1 row)

Time: 9.477 ms
VACUUM
Time: 90.380 ms
VACUUM
Time: 74.192 ms
VACUUM
Time: 74.842 ms
--- Post-Delete / Post-VACUUM Index Sizes (before compaction) ---
    idx     |  bytes  |  size   
------------+---------+---------
 shrink_id  | 3170304 | 3096 kB
 vacuum_id  | 3170304 | 3096 kB
 reindex_id | 3170304 | 3096 kB
(3 rows)

Time: 4.086 ms
--- Shrink Check Stats ---
                            gs_ubtree_shrink_check                            
------------------------------------------------------------------------------
 TotalBlocks: 387, TargetMaxBlock: 80, FreeTailBlocks: 307, MigratedBlocks: 1
(1 row)

Time: 2.139 ms

>>> METHOD 1: gs_ubtree_shrink (Online Mode) <<<
--- Timing START: gs_ubtree_shrink on idx_perf_shrink_id ---
 gs_ubtree_shrink 
------------------
 t
(1 row)

Time: 7.751 ms
--- Timing END: gs_ubtree_shrink on idx_perf_shrink_id ---
--- Timing START: gs_ubtree_shrink on idx_perf_shrink_cat ---
 gs_ubtree_shrink 
------------------
 t
(1 row)

Time: 6.954 ms
--- Timing END: gs_ubtree_shrink on idx_perf_shrink_cat ---

>>> METHOD 2: VACUUM FULL <<<
--- Timing START: VACUUM FULL perf_vacuum ---
VACUUM
Time: 156.853 ms
--- Timing END: VACUUM FULL perf_vacuum ---

>>> METHOD 3: REINDEX <<<
--- Timing START: REINDEX idx_perf_reindex_id ---
REINDEX
Time: 33.594 ms
--- Timing END: REINDEX idx_perf_reindex_id ---
--- Timing START: REINDEX idx_perf_reindex_cat ---
REINDEX
Time: 57.573 ms
--- Timing END: REINDEX idx_perf_reindex_cat ---

=== SCENARIO 1 RESULTS: Post-Compaction Sizes ===
     idx     |  bytes  |  size   
-------------+---------+---------
 shrink_id   |  655360 | 640 kB
 shrink_cat  | 2646016 | 2584 kB
 vacuum_id   |  647168 | 632 kB
 vacuum_cat  |  647168 | 632 kB
 reindex_id  |  647168 | 632 kB
 reindex_cat |  647168 | 632 kB
(6 rows)

Time: 7.000 ms
--- Table Sizes ---
     tbl      |  bytes   |   size   
--------------+----------+----------
 perf_shrink  | 10240000 | 10000 kB
 perf_vacuum  |  2023424 | 1976 kB
 perf_reindex | 10240000 | 10000 kB
(3 rows)

Time: 2.504 ms
--- Data Integrity Check ---
 method  | rows  
---------+-------
 shrink  | 20000
 vacuum  | 20000
 reindex | 20000
(3 rows)

Time: 66.434 ms
DROP TABLE
Time: 13.395 ms
DROP TABLE
Time: 9.274 ms
DROP TABLE
Time: 9.753 ms

======================================================================
SCENARIO 2: 500K rows, delete 90% (heavy bloat scenario)
======================================================================
CREATE TABLE
Time: 13.163 ms
CREATE INDEX
Time: 9.408 ms
CREATE TABLE
Time: 13.733 ms
CREATE INDEX
Time: 10.062 ms
CREATE TABLE
Time: 14.424 ms
CREATE INDEX
Time: 9.586 ms
INSERT 0 500000
Time: 9755.679 ms
INSERT 0 500000
Time: 9835.207 ms
INSERT 0 500000
Time: 9792.898 ms
--- Initial Sizes (500K rows) ---
   idx   |  bytes   | size  
---------+----------+-------
 shrink  | 15826944 | 15 MB
 vacuum  | 15826944 | 15 MB
 reindex | 15826944 | 15 MB
(3 rows)

Time: 3.132 ms
DELETE 450000
Time: 9092.310 ms
DELETE 450000
Time: 8871.932 ms
DELETE 450000
Time: 9078.370 ms
 pg_sleep 
----------
 
(1 row)

Time: 2001.984 ms
 txid_current 
--------------
       184548
(1 row)

Time: 2.408 ms
VACUUM
Time: 3368.208 ms
VACUUM
Time: 3374.841 ms
VACUUM
Time: 3391.052 ms
--- Post-Delete Sizes (500K, 90% deleted) ---
   idx   |  bytes   | size  
---------+----------+-------
 shrink  | 15826944 | 15 MB
 vacuum  | 15826944 | 15 MB
 reindex | 15826944 | 15 MB
(3 rows)

Time: 4.393 ms
                             gs_ubtree_shrink_check                              
---------------------------------------------------------------------------------
 TotalBlocks: 1932, TargetMaxBlock: 411, FreeTailBlocks: 1521, MigratedBlocks: 7
(1 row)

Time: 4.066 ms

>>> gs_ubtree_shrink (Online) <<<
 gs_ubtree_shrink 
------------------
 t
(1 row)

Time: 23.500 ms

>>> VACUUM FULL <<<
VACUUM
Time: 179.925 ms

>>> REINDEX <<<
REINDEX
Time: 71.497 ms

=== SCENARIO 2 RESULTS ===
 method  | idx_bytes | idx_size | tbl_bytes | tbl_size 
---------+-----------+----------+-----------+----------
 shrink  |   3366912 | 3288 kB  |  16048128 | 15 MB
 vacuum  |   1597440 | 1560 kB  |   1515520 | 1480 kB
 reindex |   1597440 | 1560 kB  |  16048128 | 15 MB
(3 rows)

Time: 5.348 ms
 method  | count 
---------+-------
 shrink  | 50000
 vacuum  | 50000
 reindex | 50000
(3 rows)

Time: 143.230 ms
DROP TABLE
Time: 9.187 ms
DROP TABLE
Time: 8.014 ms
DROP TABLE
Time: 8.691 ms

======================================================================
SCENARIO 3: 200K rows, scattered delete (every other row)
======================================================================
CREATE TABLE
Time: 13.621 ms
CREATE INDEX
Time: 10.332 ms
CREATE TABLE
Time: 12.202 ms
CREATE INDEX
Time: 9.437 ms
CREATE TABLE
Time: 13.775 ms
CREATE INDEX
Time: 9.731 ms
INSERT 0 200000
Time: 3935.711 ms
INSERT 0 200000
Time: 3870.252 ms
INSERT 0 200000
Time: 4016.519 ms
--- Initial Sizes (200K rows) ---
   idx   |  bytes  |  size   
---------+---------+---------
 shrink  | 6348800 | 6200 kB
 vacuum  | 6348800 | 6200 kB
 reindex | 6348800 | 6200 kB
(3 rows)

Time: 3.983 ms
DELETE 100000
Time: 2269.975 ms
DELETE 100000
Time: 2321.893 ms
DELETE 100000
Time: 2264.754 ms
 pg_sleep 
----------
 
(1 row)

Time: 2002.522 ms
 txid_current 
--------------
       184573
(1 row)

Time: 1.949 ms
VACUUM
Time: 107.109 ms
VACUUM
Time: 78.604 ms
VACUUM
Time: 78.740 ms
--- Post-Delete Sizes (200K, 50% scattered delete) ---
   idx   |  bytes  |  size   
---------+---------+---------
 shrink  | 6348800 | 6200 kB
 vacuum  | 6348800 | 6200 kB
 reindex | 6348800 | 6200 kB
(3 rows)

Time: 3.899 ms
                           gs_ubtree_shrink_check                            
-----------------------------------------------------------------------------
 TotalBlocks: 775, TargetMaxBlock: 775, FreeTailBlocks: 0, MigratedBlocks: 0
(1 row)

Time: 0.683 ms

>>> gs_ubtree_shrink (Online) <<<
 gs_ubtree_shrink 
------------------
 t
(1 row)

Time: 1.980 ms

>>> VACUUM FULL <<<
VACUUM
Time: 291.094 ms

>>> REINDEX <<<
REINDEX
Time: 110.273 ms

=== SCENARIO 3 RESULTS ===
 method  | idx_bytes | idx_size | tbl_bytes | tbl_size 
---------+-----------+----------+-----------+----------
 shrink  |   6348800 | 6200 kB  |   6299648 | 6152 kB
 vacuum  |   3170304 | 3096 kB  |   3137536 | 3064 kB
 reindex |   3170304 | 3096 kB  |   6299648 | 6152 kB
(3 rows)

Time: 4.653 ms
 method  | count  
---------+--------
 shrink  | 100000
 vacuum  | 100000
 reindex | 100000
(3 rows)

Time: 183.082 ms
DROP TABLE
Time: 11.013 ms
DROP TABLE
Time: 10.868 ms
DROP TABLE
Time: 10.119 ms

======================================================================
SCENARIO 4: 1M rows, delete 95% (extreme bloat, tail deletion)
======================================================================
CREATE TABLE
Time: 14.271 ms
CREATE INDEX
Time: 9.209 ms
CREATE TABLE
Time: 18.605 ms
CREATE INDEX
Time: 8.727 ms
CREATE TABLE
Time: 14.195 ms
CREATE INDEX
Time: 8.778 ms
--- Inserting 1M rows into 3 tables... ---
INSERT 0 1000000
Time: 20009.023 ms
INSERT 0 1000000
Time: 19847.454 ms
INSERT 0 1000000
Time: 20412.617 ms
--- Initial Sizes (1M rows) ---
   idx   |  bytes   | size  
---------+----------+-------
 shrink  | 31645696 | 30 MB
 vacuum  | 31645696 | 30 MB
 reindex | 31645696 | 30 MB
(3 rows)

Time: 2.905 ms
DELETE 950000
Time: 19739.256 ms
DELETE 950000
Time: 18524.597 ms
DELETE 950000
Time: 18577.686 ms
 pg_sleep 
----------
 
(1 row)

Time: 2001.274 ms
 txid_current 
--------------
       184606
(1 row)

Time: 3.979 ms
VACUUM
Time: 8000.087 ms
VACUUM
Time: 8105.441 ms
VACUUM
Time: 7899.873 ms
--- Post-Delete Sizes (1M, 95% deleted) ---
   idx   |  bytes   | size  
---------+----------+-------
 shrink  | 31645696 | 30 MB
 vacuum  | 31645696 | 30 MB
 reindex | 31645696 | 30 MB
(3 rows)

Time: 3.961 ms
                              gs_ubtree_shrink_check                              
----------------------------------------------------------------------------------
 TotalBlocks: 3863, TargetMaxBlock: 411, FreeTailBlocks: 3452, MigratedBlocks: 14
(1 row)

Time: 7.418 ms

>>> gs_ubtree_shrink (Online) <<<
 gs_ubtree_shrink 
------------------
 t
(1 row)

Time: 44.563 ms

>>> VACUUM FULL <<<
VACUUM
Time: 177.106 ms

>>> REINDEX <<<
REINDEX
Time: 70.034 ms

=== SCENARIO 4 RESULTS ===
 method  | idx_bytes | idx_size | tbl_bytes | tbl_size 
---------+-----------+----------+-----------+----------
 shrink  |   3366912 | 3288 kB  |  32301056 | 31 MB
 vacuum  |   1597440 | 1560 kB  |   1515520 | 1480 kB
 reindex |   1597440 | 1560 kB  |  32301056 | 31 MB
(3 rows)

Time: 4.826 ms
 method  | count 
---------+-------
 shrink  | 50000
 vacuum  | 50000
 reindex | 50000
(3 rows)

Time: 135.020 ms

=== Query Performance Post-Compaction ===
SET
Time: 0.486 ms
--- Index scan: shrink table ---
                                          QUERY PLAN                                          
----------------------------------------------------------------------------------------------
 [Bypass]
 Index Scan using idx_perf_shrink_id on perf_shrink (actual time=0.099..0.102 rows=1 loops=1)
   Index Cond: (id = 25000)
 Total runtime: 0.224 ms
(4 rows)

Time: 1.495 ms
--- Index scan: vacuum table ---
                                          QUERY PLAN                                          
----------------------------------------------------------------------------------------------
 [Bypass]
 Index Scan using idx_perf_vacuum_id on perf_vacuum (actual time=0.061..0.063 rows=1 loops=1)
   Index Cond: (id = 25000)
 Total runtime: 0.167 ms
(4 rows)

Time: 1.170 ms
--- Index scan: reindex table ---
                                           QUERY PLAN                                           
------------------------------------------------------------------------------------------------
 [Bypass]
 Index Scan using idx_perf_reindex_id on perf_reindex (actual time=0.022..0.024 rows=1 loops=1)
   Index Cond: (id = 25000)
 Total runtime: 0.101 ms
(4 rows)

Time: 1.106 ms
--- Range scan: shrink table ---
                                                 QUERY PLAN                                                 
------------------------------------------------------------------------------------------------------------
 Aggregate (actual time=11.063..11.063 rows=1 loops=1)
   ->  Index Only Scan using idx_perf_shrink_id on perf_shrink (actual time=0.022..9.239 rows=9001 loops=1)
         Index Cond: ((id >= 1000) AND (id <= 10000))
         Heap Fetches: 0
 Total runtime: 11.213 ms
(5 rows)

Time: 14.162 ms
--- Range scan: vacuum table ---
                                                 QUERY PLAN                                                  
-------------------------------------------------------------------------------------------------------------
 Aggregate (actual time=12.156..12.156 rows=1 loops=1)
   ->  Index Only Scan using idx_perf_vacuum_id on perf_vacuum (actual time=0.038..10.280 rows=9001 loops=1)
         Index Cond: ((id >= 1000) AND (id <= 10000))
         Heap Fetches: 0
 Total runtime: 12.307 ms
(5 rows)

Time: 14.004 ms
--- Range scan: reindex table ---
                                                  QUERY PLAN                                                  
--------------------------------------------------------------------------------------------------------------
 Aggregate (actual time=11.374..11.374 rows=1 loops=1)
   ->  Index Only Scan using idx_perf_reindex_id on perf_reindex (actual time=0.028..9.503 rows=9001 loops=1)
         Index Cond: ((id >= 1000) AND (id <= 10000))
         Heap Fetches: 0
 Total runtime: 11.549 ms
(5 rows)

Time: 13.446 ms
--- Backward scan (ORDER BY id DESC LIMIT 100): shrink table ---
                                                  QUERY PLAN                                                   
---------------------------------------------------------------------------------------------------------------
 [Bypass]
 Limit (actual time=0.035..0.281 rows=100 loops=1)
   ->  Index Scan Backward using idx_perf_shrink_id on perf_shrink (actual time=0.032..0.258 rows=100 loops=1)
 Total runtime: 0.441 ms
(4 rows)

Time: 2.425 ms
--- Backward scan: vacuum table ---
                                                  QUERY PLAN                                                   
---------------------------------------------------------------------------------------------------------------
 [Bypass]
 Limit (actual time=0.107..0.415 rows=100 loops=1)
   ->  Index Scan Backward using idx_perf_vacuum_id on perf_vacuum (actual time=0.106..0.373 rows=100 loops=1)
 Total runtime: 0.553 ms
(4 rows)

Time: 1.646 ms
--- Backward scan: reindex table ---
                                                   QUERY PLAN                                                    
-----------------------------------------------------------------------------------------------------------------
 [Bypass]
 Limit (actual time=0.028..0.195 rows=100 loops=1)
   ->  Index Scan Backward using idx_perf_reindex_id on perf_reindex (actual time=0.026..0.179 rows=100 loops=1)
 Total runtime: 0.305 ms
(4 rows)

Time: 1.194 ms
--- Index-only scan: shrink table ---
                                              QUERY PLAN                                              
------------------------------------------------------------------------------------------------------
 [Bypass]
 Index Only Scan using idx_perf_shrink_id on perf_shrink (actual time=0.025..9.806 rows=9001 loops=1)
   Index Cond: ((id >= 1000) AND (id <= 10000))
   Heap Fetches: 0
 Total runtime: 11.002 ms
(5 rows)

Time: 12.728 ms
--- Index-only scan: vacuum table ---
                                              QUERY PLAN                                               
-------------------------------------------------------------------------------------------------------
 [Bypass]
 Index Only Scan using idx_perf_vacuum_id on perf_vacuum (actual time=0.026..11.082 rows=9001 loops=1)
   Index Cond: ((id >= 1000) AND (id <= 10000))
   Heap Fetches: 0
 Total runtime: 12.377 ms
(5 rows)

Time: 14.181 ms
--- Index-only scan: reindex table ---
                                               QUERY PLAN                                               
--------------------------------------------------------------------------------------------------------
 [Bypass]
 Index Only Scan using idx_perf_reindex_id on perf_reindex (actual time=0.024..9.605 rows=9001 loops=1)
   Index Cond: ((id >= 1000) AND (id <= 10000))
   Heap Fetches: 0
 Total runtime: 10.687 ms
(5 rows)

Time: 12.119 ms
RESET
Time: 0.479 ms
DROP TABLE
Time: 10.229 ms
DROP TABLE
Time: 7.118 ms
DROP TABLE
Time: 10.844 ms

======================================================================
SCENARIO 5: 200K rows, FIFO Head Deletion (Oldest 80%, Page Relocation)
======================================================================
CREATE TABLE
Time: 16.836 ms
CREATE INDEX
Time: 9.692 ms
CREATE INDEX
Time: 9.364 ms
CREATE INDEX
Time: 10.832 ms
CREATE TABLE
Time: 16.242 ms
CREATE INDEX
Time: 12.472 ms
CREATE INDEX
Time: 8.455 ms
CREATE INDEX
Time: 8.860 ms
CREATE TABLE
Time: 14.108 ms
CREATE INDEX
Time: 8.519 ms
CREATE INDEX
Time: 10.562 ms
CREATE INDEX
Time: 10.283 ms
INSERT 0 200000
Time: 13232.458 ms
INSERT 0 200000
Time: 12976.110 ms
INSERT 0 200000
Time: 13535.236 ms
--- Initial Sizes (200K rows, Multi-Index) ---
     idx     |  bytes   |  size   
-------------+----------+---------
 shrink_id   |  6348800 | 6200 kB
 shrink_comp |  8577024 | 8376 kB
 shrink_text | 32317440 | 31 MB
(3 rows)

Time: 3.121 ms
DELETE 160000
Time: 8134.866 ms
DELETE 160000
Time: 7747.050 ms
DELETE 160000
Time: 7768.009 ms
 pg_sleep 
----------
 
(1 row)

Time: 2001.989 ms
 txid_current 
--------------
       184637
(1 row)

Time: 8.831 ms
VACUUM
Time: 33699.000 ms
VACUUM
Time: 33873.794 ms
VACUUM
Time: 33588.764 ms
--- Post-Delete Sizes (Head Deletion 80%) ---
     idx     |  bytes   |  size   
-------------+----------+---------
 shrink_id   |  6348800 | 6200 kB
 shrink_comp |  8577024 | 8376 kB
 shrink_text | 32317440 | 31 MB
(3 rows)

Time: 5.543 ms
                             gs_ubtree_shrink_check                              
---------------------------------------------------------------------------------
 TotalBlocks: 775, TargetMaxBlock: 411, FreeTailBlocks: 364, MigratedBlocks: 157
(1 row)

Time: 3.839 ms
                            gs_ubtree_shrink_check                             
-------------------------------------------------------------------------------
 TotalBlocks: 1047, TargetMaxBlock: 1047, FreeTailBlocks: 0, MigratedBlocks: 0
(1 row)

Time: 3.770 ms
                            gs_ubtree_shrink_check                             
-------------------------------------------------------------------------------
 TotalBlocks: 3945, TargetMaxBlock: 3945, FreeTailBlocks: 0, MigratedBlocks: 0
(1 row)

Time: 5.300 ms

>>> gs_ubtree_shrink on Head Deletion Indexes <<<
 gs_ubtree_shrink 
------------------
 t
(1 row)

Time: 24.437 ms
 gs_ubtree_shrink 
------------------
 t
(1 row)

Time: 4.743 ms
 gs_ubtree_shrink 
------------------
 t
(1 row)

Time: 8.028 ms

>>> VACUUM FULL on Head Deletion Table <<<
VACUUM
Time: 382.626 ms

>>> REINDEX on Head Deletion Indexes <<<
REINDEX
Time: 65.400 ms
REINDEX
Time: 124.233 ms
REINDEX
Time: 98.076 ms

=== SCENARIO 5 RESULTS: Post-Compaction Sizes (Head Deletion) ===
     idx      |  bytes   |  size   
--------------+----------+---------
 shrink_id    |  3366912 | 3288 kB
 shrink_comp  |  8577024 | 8376 kB
 shrink_text  | 32317440 | 31 MB
 vacuum_id    |  1277952 | 1248 kB
 vacuum_comp  |  1277952 | 1248 kB
 vacuum_text  |  3874816 | 3784 kB
 reindex_id   |  1277952 | 1248 kB
 reindex_comp |  1277952 | 1248 kB
 reindex_text |  3874816 | 3784 kB
(9 rows)

Time: 9.241 ms
 method  | count 
---------+-------
 shrink  | 40000
 vacuum  | 40000
 reindex | 40000
(3 rows)

Time: 110.573 ms
SET
Time: 0.488 ms
                                                  QUERY PLAN                                                  
--------------------------------------------------------------------------------------------------------------
 [Bypass]
 Limit (actual time=0.026..0.095 rows=50 loops=1)
   ->  Index Scan Backward using idx_perf_shrink_id on perf_shrink (actual time=0.024..0.088 rows=50 loops=1)
 Total runtime: 0.193 ms
(4 rows)

Time: 1.187 ms
RESET
Time: 0.441 ms
DROP TABLE
Time: 14.765 ms
DROP TABLE
Time: 11.434 ms
DROP TABLE
Time: 13.511 ms

======================================================================
SCENARIO 6: Multi-Cycle Lifecycle (3 Rounds of Insert -> Delete -> Shrink)
======================================================================
CREATE TABLE
Time: 13.200 ms
CREATE INDEX
Time: 9.560 ms
CREATE TABLE
Time: 13.089 ms
CREATE INDEX
Time: 9.706 ms
--- Round 1: Insert 1..50000, Delete 1..30000 ---
INSERT 0 50000
Time: 992.520 ms
INSERT 0 50000
Time: 954.859 ms
DELETE 30000
Time: 585.040 ms
DELETE 30000
Time: 616.312 ms
 pg_sleep 
----------
 
(1 row)

Time: 1002.283 ms
 txid_current 
--------------
       184662
(1 row)

Time: 5.385 ms
VACUUM
Time: 35.191 ms
VACUUM
Time: 33.150 ms
 gs_ubtree_shrink 
------------------
 t
(1 row)

Time: 3.477 ms
--- Round 1 Sizes ---
       target        | idx_size | tbl_size 
---------------------+----------+----------
 cycle_shrink (R1)   | 1560 kB  | 1784 kB
 cycle_noshrink (R1) | 1560 kB  | 1784 kB
(2 rows)

Time: 3.544 ms
--- Round 2: Insert 50001..100000, Delete 30001..60000 ---
INSERT 0 50000
Time: 1001.622 ms
INSERT 0 50000
Time: 1025.308 ms
DELETE 30000
Time: 589.577 ms
DELETE 30000
Time: 586.980 ms
 pg_sleep 
----------
 
(1 row)

Time: 1001.916 ms
 txid_current 
--------------
       184672
(1 row)

Time: 2.173 ms
VACUUM
Time: 36.572 ms
VACUUM
Time: 34.686 ms
 gs_ubtree_shrink 
------------------
 t
(1 row)

Time: 3.268 ms
--- Round 2 Sizes ---
       target        | idx_size | tbl_size 
---------------------+----------+----------
 cycle_shrink (R2)   | 3096 kB  | 2624 kB
 cycle_noshrink (R2) | 3096 kB  | 2624 kB
(2 rows)

Time: 2.953 ms
--- Round 3: Insert 100001..150000, Delete 60001..90000 ---
INSERT 0 50000
Time: 954.789 ms
INSERT 0 50000
Time: 935.184 ms
DELETE 30000
Time: 602.742 ms
DELETE 30000
Time: 597.472 ms
 pg_sleep 
----------
 
(1 row)

Time: 1002.393 ms
 txid_current 
--------------
       184682
(1 row)

Time: 20.352 ms
VACUUM
Time: 110.076 ms
VACUUM
Time: 141.934 ms
 gs_ubtree_shrink 
------------------
 t
(1 row)

Time: 26.025 ms

=== SCENARIO 6 FINAL RESULTS: Multi-Cycle Comparison ===
         target         | idx_bytes | idx_size | remaining_rows 
------------------------+-----------+----------+----------------
 cycle_shrink (Final)   |   3801088 | 3712 kB  |          60000
 cycle_noshrink (Final) |   3801088 | 3712 kB  |          60000
(2 rows)

Time: 91.241 ms
DROP TABLE
Time: 14.153 ms
DROP TABLE
Time: 13.201 ms

======================================================================
SCENARIO 7: Online vs Offline Shrink (Middle Interval Cavity 70%)
======================================================================
CREATE TABLE
Time: 20.420 ms
CREATE INDEX
Time: 11.188 ms
CREATE TABLE
Time: 13.733 ms
CREATE INDEX
Time: 11.083 ms
INSERT 0 100000
Time: 1923.188 ms
INSERT 0 100000
Time: 2023.888 ms
DELETE 70000
Time: 1253.420 ms
DELETE 70000
Time: 1312.781 ms
 pg_sleep 
----------
 
(1 row)

Time: 1001.964 ms
 txid_current 
--------------
       184698
(1 row)

Time: 6.379 ms
VACUUM
Time: 53.488 ms
VACUUM
Time: 50.769 ms
--- Pre-Shrink Sizes (Middle 70% deleted) ---
  mode   | idx_size 
---------+----------
 online  | 3096 kB
 offline | 3096 kB
(2 rows)

Time: 3.226 ms
--- Timing START: Online Shrink (is_offline = false) ---
 gs_ubtree_shrink 
------------------
 t
(1 row)

Time: 8.742 ms
--- Timing END: Online Shrink ---
--- Timing START: Offline Shrink (is_offline = true) ---
 gs_ubtree_shrink 
------------------
 t
(1 row)

Time: 11.024 ms
--- Timing END: Offline Shrink ---

=== SCENARIO 7 RESULTS: Online vs Offline Comparison ===
      mode      | idx_bytes | idx_size | rows_intact 
----------------+-----------+----------+-------------
 online (false) |    974848 | 952 kB   |       30000
 offline (true) |    974848 | 952 kB   |       30000
(2 rows)

Time: 47.514 ms
DROP TABLE
Time: 10.815 ms
DROP TABLE
Time: 9.352 ms

======================================================================
ALL SCENARIOS COMPLETE
======================================================================
total time: 443985  ms
